mode: set
test-go/handler/balance.go:14.2,14.32 1 1
test-go/handler/balance.go:15.3,18.1 3 1
test-go/handler/balance.go:20.2,21.1 3 1
test-go/handler/balance.go:22.2,23.16 3 1
test-go/handler/balance.go:24.3,24.10 1 1
test-go/handler/balance.go:26.4,26.57 1 1
test-go/handler/balance.go:29.4,29.55 1 1
test-go/handler/balance.go:32.4,33.78 2 0
test-go/handler/balance.go:35.3,35.9 1 1
test-go/handler/balance.go:38.2,39.58 2 1
test-go/handler/balance.go:40.3,41.1 1 0
test-go/handler/response.go:9.2,11.1 3 1
test-go/handler/response.go:12.2,15.1 3 1
test-go/handler/wallet.go:19.2,19.33 1 1
test-go/handler/wallet.go:20.3,23.1 3 1
test-go/handler/wallet.go:25.2,27.1 4 1
test-go/handler/wallet.go:28.2,29.51 4 1
test-go/handler/wallet.go:30.3,32.1 2 1
test-go/handler/wallet.go:34.2,37.16 2 1
test-go/handler/wallet.go:38.3,38.10 1 1
test-go/handler/wallet.go:42.4,42.57 1 1
test-go/handler/wallet.go:45.4,45.55 1 1
test-go/handler/wallet.go:48.4,48.55 1 1
test-go/handler/wallet.go:51.4,52.78 2 0
test-go/handler/wallet.go:54.3,54.9 1 1
test-go/handler/wallet.go:57.2,58.58 2 1
test-go/handler/wallet.go:59.3,60.1 1 0
test-go/repository/history.go:18.2,25.16 2 1
test-go/repository/history.go:26.3,27.1 1 0
test-go/repository/history.go:29.2,29.12 1 1
test-go/repository/wallet.go:21.2,22.1 1 1
test-go/repository/wallet.go:29.2,32.1 5 1
test-go/repository/wallet.go:33.2,38.1 5 1
test-go/repository/wallet.go:39.2,39.35 5 1
test-go/repository/wallet.go:40.3,41.1 1 1
test-go/repository/wallet.go:43.2,43.16 1 1
test-go/repository/wallet.go:44.3,45.1 1 0
test-go/repository/wallet.go:47.2,47.21 1 1
test-go/repository/wallet.go:56.2,57.1 2 1
test-go/repository/wallet.go:58.2,58.19 2 1
test-go/repository/wallet.go:60.3,60.38 1 1
test-go/repository/wallet.go:62.3,62.39 1 1
test-go/repository/wallet.go:64.3,64.32 1 1
test-go/repository/wallet.go:67.2,68.16 2 1
test-go/repository/wallet.go:69.3,70.1 1 0
test-go/repository/wallet.go:71.2,72.1 6 1
test-go/repository/wallet.go:73.2,76.1 6 1
test-go/repository/wallet.go:77.2,83.1 6 1
test-go/repository/wallet.go:84.2,84.35 6 1
test-go/repository/wallet.go:85.3,86.1 3 1
test-go/repository/wallet.go:87.3,92.1 3 1
test-go/repository/wallet.go:93.3,93.41 3 1
test-go/repository/wallet.go:94.4,95.1 1 1
test-go/repository/wallet.go:96.3,96.22 1 1
test-go/repository/wallet.go:97.4,98.1 1 0
test-go/repository/wallet.go:100.3,100.30 1 1
test-go/repository/wallet.go:101.4,102.1 1 1
test-go/repository/wallet.go:104.3,104.57 1 0
test-go/repository/wallet.go:107.2,107.16 1 1
test-go/repository/wallet.go:108.3,109.1 1 0
test-go/repository/wallet.go:111.2,117.16 1 1
test-go/repository/wallet.go:118.3,119.1 1 0
test-go/repository/wallet.go:121.2,121.36 1 1
test-go/repository/wallet.go:122.3,123.1 1 0
test-go/repository/wallet.go:125.2,125.21 1 1
test-go/services/balance.go:6.2,6.28 1 1
test-go/services/balance.go:7.3,8.1 1 1
test-go/services/balance.go:10.2,10.23 1 1
test-go/services/balance.go:11.3,12.1 1 0
test-go/services/balance.go:14.2,14.58 1 1
test-go/services/repository.go:14.2,15.1 1 1
test-go/services/validation.go:15.2,16.1 1 1
test-go/services/walet.go:17.2,17.23 1 1
test-go/services/walet.go:18.3,19.1 1 0
test-go/services/walet.go:21.2,21.27 1 1
test-go/services/walet.go:22.3,23.1 1 1
test-go/services/walet.go:25.2,25.42 1 1
test-go/services/walet.go:26.3,27.1 1 0
test-go/services/walet.go:29.2,35.16 2 1
test-go/services/walet.go:36.3,37.1 1 1
test-go/services/walet.go:39.2,39.23 1 1
